qt.multimedia.ffmpeg: Using Qt multimedia with FFmpeg version 7.1.3 LGPL version 2.1 or later
Input #0, mov,mp4,m4a,3gp,3g2,mj2, from 'D:/FPS Changer/staging/test__151323_64114f_in.mp4':
  Metadata:
    major_brand     : isom
    minor_version   : 512
    compatible_brands: isomiso2avc1mp41
    creation_time   : 2026-07-25T09:43:25.000000Z
    encoder         : Blackmagic Design DaVinci Resolve
  Duration: 00:00:06.59, start: 0.000000, bitrate: 82587 kb/s
  Stream #0:0[0x1](und): Video: h264 (Main) (avc1 / 0x31637661), yuv420p(tv, bt709, progressive), 1920x1080, 82369 kb/s, SAR 1:1 DAR 16:9, 24 fps, 24 tbr, 12288 tbn (default)
      Metadata:
        creation_time   : 2026-07-25T09:43:25.000000Z
        handler_name    : VideoHandler
        vendor_id       : [0][0][0][0]
        encoder         : H.264
        timecode        : 01:00:00:00
  Stream #0:1[0x2](und): Audio: aac (LC) (mp4a / 0x6134706D), 48000 Hz, stereo, fltp, 320 kb/s (default)
      Metadata:
        creation_time   : 2026-07-25T09:43:25.000000Z
        handler_name    : SoundHandler
        vendor_id       : [0][0][0][0]
  Stream #0:2[0x3](eng): Data: none (tmcd / 0x64636D74), 0 kb/s (default)
      Metadata:
        creation_time   : 2026-07-25T09:43:25.000000Z
        handler_name    : TimeCodeHandler
        timecode        : 01:00:00:00
qt.multimedia.ffmpeg: Using Qt multimedia with FFmpeg version 7.1.3 LGPL version 2.1 or later
Input #0, mov,mp4,m4a,3gp,3g2,mj2, from 'D:/FPS Changer/staging/test__152130_c4f982_in.mp4':
  Metadata:
    major_brand     : isom
    minor_version   : 512
    compatible_brands: isomiso2avc1mp41
    creation_time   : 2026-07-25T09:51:31.000000Z
    encoder         : Blackmagic Design DaVinci Resolve
  Duration: 00:00:06.59, start: 0.000000, bitrate: 82587 kb/s
  Stream #0:0[0x1](und): Video: h264 (Main) (avc1 / 0x31637661), yuv420p(tv, bt709, progressive), 1920x1080, 82369 kb/s, SAR 1:1 DAR 16:9, 24 fps, 24 tbr, 12288 tbn (default)
      Metadata:
        creation_time   : 2026-07-25T09:51:31.000000Z
        handler_name    : VideoHandler
        vendor_id       : [0][0][0][0]
        encoder         : H.264
        timecode        : 01:00:00:00
  Stream #0:1[0x2](und): Audio: aac (LC) (mp4a / 0x6134706D), 48000 Hz, stereo, fltp, 320 kb/s (default)
      Metadata:
        creation_time   : 2026-07-25T09:51:31.000000Z
        handler_name    : SoundHandler
        vendor_id       : [0][0][0][0]
  Stream #0:2[0x3](eng): Data: none (tmcd / 0x64636D74), 0 kb/s (default)
      Metadata:
        creation_time   : 2026-07-25T09:51:31.000000Z
        handler_name    : TimeCodeHandler
        timecode        : 01:00:00:00
Input #0, mov,mp4,m4a,3gp,3g2,mj2, from 'D:/FPS Changer/staging/test__152339_3e0802_in.mp4':
  Metadata:
    major_brand     : isom
    minor_version   : 512
    compatible_brands: isomiso2avc1mp41
    creation_time   : 2026-07-25T09:53:40.000000Z
    encoder         : Blackmagic Design DaVinci Resolve
  Duration: 00:00:06.59, start: 0.000000, bitrate: 82587 kb/s
  Stream #0:0[0x1](und): Video: h264 (Main) (avc1 / 0x31637661), yuv420p(tv, bt709, progressive), 1920x1080, 82369 kb/s, SAR 1:1 DAR 16:9, 24 fps, 24 tbr, 12288 tbn (default)
      Metadata:
        creation_time   : 2026-07-25T09:53:40.000000Z
        handler_name    : VideoHandler
        vendor_id       : [0][0][0][0]
        encoder         : H.264
        timecode        : 01:00:00:00
  Stream #0:1[0x2](und): Audio: aac (LC) (mp4a / 0x6134706D), 48000 Hz, stereo, fltp, 320 kb/s (default)
      Metadata:
        creation_time   : 2026-07-25T09:53:40.000000Z
        handler_name    : SoundHandler
        vendor_id       : [0][0][0][0]
  Stream #0:2[0x3](eng): Data: none (tmcd / 0x64636D74), 0 kb/s (default)
      Metadata:
        creation_time   : 2026-07-25T09:53:40.000000Z
        handler_name    : TimeCodeHandler
        timecode        : 01:00:00:00
Traceback (most recent call last):
  File "D:\FPS Changer\main\gui_app.py", line 20, in <module>
    from main.resolve_replace import replace_clip, ReplaceError
ModuleNotFoundError: No module named 'main'
Input #0, mov,mp4,m4a,3gp,3g2,mj2, from 'D:/FPS Changer/staging/test__153132_5d9c23_in.mp4':
  Metadata:
    major_brand     : isom
    minor_version   : 512
    compatible_brands: isomiso2avc1mp41
    creation_time   : 2026-07-25T10:01:33.000000Z
    encoder         : Blackmagic Design DaVinci Resolve
  Duration: 00:00:06.59, start: 0.000000, bitrate: 82587 kb/s
  Stream #0:0[0x1](und): Video: h264 (Main) (avc1 / 0x31637661), yuv420p(tv, bt709, progressive), 1920x1080, 82369 kb/s, SAR 1:1 DAR 16:9, 24 fps, 24 tbr, 12288 tbn (default)
      Metadata:
        creation_time   : 2026-07-25T10:01:33.000000Z
        handler_name    : VideoHandler
        vendor_id       : [0][0][0][0]
        encoder         : H.264
        timecode        : 01:00:00:00
  Stream #0:1[0x2](und): Audio: aac (LC) (mp4a / 0x6134706D), 48000 Hz, stereo, fltp, 320 kb/s (default)
      Metadata:
        creation_time   : 2026-07-25T10:01:33.000000Z
        handler_name    : SoundHandler
        vendor_id       : [0][0][0][0]
  Stream #0:2[0x3](eng): Data: none (tmcd / 0x64636D74), 0 kb/s (default)
      Metadata:
        creation_time   : 2026-07-25T10:01:33.000000Z
        handler_name    : TimeCodeHandler
        timecode        : 01:00:00:00
qt.multimedia.ffmpeg: Using Qt multimedia with FFmpeg version 7.1.3 LGPL version 2.1 or later
Input #0, mov,mp4,m4a,3gp,3g2,mj2, from 'D:/FPS Changer/staging/test__154917_73ba74_in.mp4':
  Metadata:
    major_brand     : isom
    minor_version   : 512
    compatible_brands: isomiso2avc1mp41
    creation_time   : 2026-07-25T10:19:18.000000Z
    encoder         : Blackmagic Design DaVinci Resolve
  Duration: 00:00:06.59, start: 0.000000, bitrate: 82587 kb/s
  Stream #0:0[0x1](und): Video: h264 (Main) (avc1 / 0x31637661), yuv420p(tv, bt709, progressive), 1920x1080, 82369 kb/s, SAR 1:1 DAR 16:9, 24 fps, 24 tbr, 12288 tbn (default)
      Metadata:
        creation_time   : 2026-07-25T10:19:18.000000Z
        handler_name    : VideoHandler
        vendor_id       : [0][0][0][0]
        encoder         : H.264
        timecode        : 01:00:00:00
  Stream #0:1[0x2](und): Audio: aac (LC) (mp4a / 0x6134706D), 48000 Hz, stereo, fltp, 320 kb/s (default)
      Metadata:
        creation_time   : 2026-07-25T10:19:18.000000Z
        handler_name    : SoundHandler
        vendor_id       : [0][0][0][0]
  Stream #0:2[0x3](eng): Data: none (tmcd / 0x64636D74), 0 kb/s (default)
      Metadata:
        creation_time   : 2026-07-25T10:19:18.000000Z
        handler_name    : TimeCodeHandler
        timecode        : 01:00:00:00
Traceback (most recent call last):
  File "D:\FPS Changer\main\gui_app.py", line 197, in _on_convert_success
    self.replace_worker = ReplaceWorker(
                          ^^^^^^^^^^^^^
NameError: name 'ReplaceWorker' is not defined
qt.multimedia.ffmpeg: Using Qt multimedia with FFmpeg version 7.1.3 LGPL version 2.1 or later
Input #0, mov,mp4,m4a,3gp,3g2,mj2, from 'D:/FPS Changer/staging/test__155210_77b70e_in.mp4':
  Metadata:
    major_brand     : isom
    minor_version   : 512
    compatible_brands: isomiso2avc1mp41
    creation_time   : 2026-07-25T10:22:12.000000Z
    encoder         : Blackmagic Design DaVinci Resolve
  Duration: 00:00:06.59, start: 0.000000, bitrate: 82587 kb/s
  Stream #0:0[0x1](und): Video: h264 (Main) (avc1 / 0x31637661), yuv420p(tv, bt709, progressive), 1920x1080, 82369 kb/s, SAR 1:1 DAR 16:9, 24 fps, 24 tbr, 12288 tbn (default)
      Metadata:
        creation_time   : 2026-07-25T10:22:12.000000Z
        handler_name    : VideoHandler
        vendor_id       : [0][0][0][0]
        encoder         : H.264
        timecode        : 01:00:00:00
  Stream #0:1[0x2](und): Audio: aac (LC) (mp4a / 0x6134706D), 48000 Hz, stereo, fltp, 320 kb/s (default)
      Metadata:
        creation_time   : 2026-07-25T10:22:12.000000Z
        handler_name    : SoundHandler
        vendor_id       : [0][0][0][0]
  Stream #0:2[0x3](eng): Data: none (tmcd / 0x64636D74), 0 kb/s (default)
      Metadata:
        creation_time   : 2026-07-25T10:22:12.000000Z
        handler_name    : TimeCodeHandler
        timecode        : 01:00:00:00
